// Jest Snapshot v1, https://goo.gl/fbAQLP

exports[`Tests without connection matches snapshot 1`] = `
<DocumentFragment>
  <div>
    <div
      class="flex"
    >
      <input
        type="text"
        value=""
      />
      <button
        type="button"
      >
        ADD
      </button>
      <button
        type="button"
      >
        REMOVE
      </button>
    </div>
    <ul />
  </div>
</DocumentFragment>
`;
